// Jest Snapshot v1, https://goo.gl/fbAQLP

exports[`LoadingView.vue renders correctly 1`] = `
<div
  class="container container--fluid"
>
  <div
    class="row"
  >
    <div
      align="center"
      class="col"
      justify="center"
    >
      <div
        aria-valuemax="100"
        aria-valuemin="0"
        class="v-progress-circular v-progress-circular--visible v-progress-circular--indeterminate primary--text"
        role="progressbar"
        style="height: 32px; width: 32px;"
      >
        <svg
          style="transform: rotate(0deg);"
          viewBox="22.857142857142858 22.857142857142858 45.714285714285715 45.714285714285715"
          xmlns="http://www.w3.org/2000/svg"
        >
          <circle
            class="v-progress-circular__overlay"
            cx="45.714285714285715"
            cy="45.714285714285715"
            fill="transparent"
            r="20"
            stroke-dasharray="125.664"
            stroke-dashoffset="125.66370614359172px"
            stroke-width="5.714285714285714"
          />
        </svg>
        <div
          class="v-progress-circular__info"
        />
      </div>
       
      <h5>
        
      </h5>
    </div>
  </div>
</div>
`;
